
> vite_react_shadcn_ts@0.0.0 build
> vite build

[36mvite v5.4.19 [32mbuilding for production...[36m[39m
transforming...
node.exe : 
Browserslist: browsers 
data (caniuse-lite) is 
9 months old. Please 
run:
No linha:1 caractere:1
+ & "C:\Program 
Files\nodejs/node.exe" 
"C:\Users\lucas_avila\A
ppData\Ro ...
+ ~~~~~~~~~~~~~~~~~~~~~
~~~~~~~~~~~~~~~~~~~~~~~
~~~~~~~~~~~~~~~~~~~~~~~
~~
    + CategoryInfo     
         : NotSpecifi  
  ed: (Browserslist:   
  b...ld. Please ru    
n::String) [], Rem    
oteException
    + FullyQualifiedEr 
   rorId : NativeComm  
  andError
 
  npx update-browsersli
st-db@latest
  Why you should do it 
regularly: https://gith
ub.com/browserslist/upd
ate-db#readme
[32mÔ£ô[39m 23 modules transformed.
[31mx[39m Build 
failed in 2.23s
[31merror during 
build:
[31m[vite:esbuild] 
Transform failed with 
1 error:
C:/Users/lucas_avila/De
sktop/Mapa-Territorio/s
rc/pages/Admin.tsx:450:
28: ERROR: Expected 
";" but found ":"[31m
file: [36mC:/Users/luc
as_avila/Desktop/Mapa-T
erritorio/src/pages/Adm
in.tsx:450:28[31m
[33m
[33mExpected ";" but 
found ":"[33m
448|    const 
pendingInterests = 
interests.filter(i => 
i.status === 
'pending').length;
449|  
450|      { id: 
'dashboard', label: 
'Dashboard', icon: 
LayoutDashboard, 
restrict: ['admin'] },
   |                   
           ^
451|      { id: 
'users', label: 
'Usu├írios', icon: 
UserPlus, count: 
users.length, 
restrict: ['admin'] },
452|      { id: 
'reps', label: 
'Representantes', 
icon: Briefcase, 
count: reps.length, 
restrict: ['admin'] },
[31m
    at 
failureErrorWithLog (C:
\Users\lucas_avila\Desk
top\Mapa-Territorio\nod
e_modules\esbuild\lib\m
ain.js:1472:15)
    at C:\Users\lucas_a
vila\Desktop\Mapa-Terri
torio\node_modules\esbu
ild\lib\main.js:755:50
    at responseCallback
s.<computed> (C:\Users\
lucas_avila\Desktop\Map
a-Territorio\node_modul
es\esbuild\lib\main.js:
622:9)
    at 
handleIncomingPacket (C
:\Users\lucas_avila\Des
ktop\Mapa-Territorio\no
de_modules\esbuild\lib\
main.js:677:12)
    at 
Socket.readFromStdout (
C:\Users\lucas_avila\De
sktop\Mapa-Territorio\n
ode_modules\esbuild\lib
\main.js:600:7)
    at Socket.emit 
(node:events:519:28)
    at addChunk (node:i
nternal/streams/readabl
e:561:12)
    at readableAddChunk
PushByteMode (node:inte
rnal/streams/readable:5
12:3)
    at Readable.push (n
ode:internal/streams/re
adable:392:5)
    at 
Pipe.onStreamRead (node
:internal/stream_base_c
ommons:189:23)[39m
